<?xml version="1.0" encoding="UTF-8"?>
<project xmlns="http://maven.apache.org/POM/4.0.0" xmlns:xsi="http://www.w3.org/2001/XMLSchema-instance"
  xsi:schemaLocation="http://maven.apache.org/POM/4.0.0 https://maven.apache.org/xsd/maven-4.0.0.xsd">
  <modelVersion>4.0.0</modelVersion>

  <parent>
    <groupId>com.google.cloud</groupId>
    <artifactId>spring-cloud-gcp-starters</artifactId>
    <version>{{parent-version}}</version><!-- {x-version-update:spring-cloud-gcp:current} -->
    <relativePath>../../spring-cloud-gcp-starters/pom.xml</relativePath>
  </parent>
  <artifactId>{{client-library-artifact-id}}-spring-starter</artifactId>
  <version>${project.parent.version}-preview</version>
  <name>Spring Boot Starter - localhost:7469</name>
  <description>Spring Boot Starter with AutoConfiguration for localhost:7469</description>


  <dependencies>
    <dependency>
      <groupId>{{client-library-group-id}}</groupId>
      <artifactId>{{client-library-artifact-id}}</artifactId>
    </dependency>

    <dependency>
      <groupId>org.springframework.boot</groupId>
      <artifactId>spring-boot-starter</artifactId>
    </dependency>

  <dependency>
    <groupId>com.google.cloud</groupId>
    <artifactId>spring-cloud-gcp-autoconfigure</artifactId>
  </dependency>
</dependencies>

</project>