{
  "properties": [
    {
      "name": "com.google.showcase.v1beta1.echo.enabled",
      "type": "java.lang.Boolean",
      "description": "Auto-configure Google Cloud localhost:7469/Echo components.",
      "defaultValue": true
    }
  ]
}